// Jest Snapshot v1, https://goo.gl/fbAQLP

exports[`snapshot of image sizes 1`] = `
Object {
  "lg": "lg",
  "md": "md",
  "sm": "sm",
  "xl": "xl",
  "xs": "xs",
  "xxl": "xxl",
}
`;
